Archive member included to satisfy reference by file (symbol)

/home/ynghia/gcc-arm-none-eabi-10.3-2021.10-x86_64-linux/gcc-arm-none-eabi-10.3-2021.10/bin/../lib/gcc/arm-none-eabi/10.3.1/../../../../arm-none-eabi/lib/libc.a(lib_a-errno.o)
                              lib/syscall.o (__errno)
/home/ynghia/gcc-arm-none-eabi-10.3-2021.10-x86_64-linux/gcc-arm-none-eabi-10.3-2021.10/bin/../lib/gcc/arm-none-eabi/10.3.1/../../../../arm-none-eabi/lib/libc.a(lib_a-impure.o)
                              /home/ynghia/gcc-arm-none-eabi-10.3-2021.10-x86_64-linux/gcc-arm-none-eabi-10.3-2021.10/bin/../lib/gcc/arm-none-eabi/10.3.1/../../../../arm-none-eabi/lib/libc.a(lib_a-errno.o) (_impure_ptr)

Discarded input sections

 .debug_frame   0x0000000000000000       0x20 /home/ynghia/gcc-arm-none-eabi-10.3-2021.10-x86_64-linux/gcc-arm-none-eabi-10.3-2021.10/bin/../lib/gcc/arm-none-eabi/10.3.1/../../../../arm-none-eabi/lib/libc.a(lib_a-errno.o)
 .ARM.attributes
                0x0000000000000000       0x2a /home/ynghia/gcc-arm-none-eabi-10.3-2021.10-x86_64-linux/gcc-arm-none-eabi-10.3-2021.10/bin/../lib/gcc/arm-none-eabi/10.3.1/../../../../arm-none-eabi/lib/libc.a(lib_a-errno.o)
 .ARM.attributes
                0x0000000000000000       0x2a /home/ynghia/gcc-arm-none-eabi-10.3-2021.10-x86_64-linux/gcc-arm-none-eabi-10.3-2021.10/bin/../lib/gcc/arm-none-eabi/10.3.1/../../../../arm-none-eabi/lib/libc.a(lib_a-impure.o)

Memory Configuration

Name             Origin             Length             Attributes
RAM              0x0000000020000000 0x0000000000005000 xrw
FLASH            0x0000000008000000 0x0000000000010000 xr
*default*        0x0000000000000000 0xffffffffffffffff

Linker script and memory map

LOAD lib/rcc.o
LOAD lib/gpio.o
LOAD src/main.o
LOAD lib/systick.o
LOAD src/drivers/log_info.o
LOAD src/drivers/dht.o
LOAD lib/uart.o
LOAD Startup/startup.o
LOAD lib/syscall.o
                0x0000000020005000                _estack = (ORIGIN (RAM) + LENGTH (RAM))
                0x0000000000000200                _Min_Heap_Size = 0x200
                0x0000000000000400                _Min_Stack_Size = 0x400

.isr_vector     0x0000000008000000      0x130
                0x0000000008000000                . = ALIGN (0x4)
 *(.isr_vector)
 .isr_vector    0x0000000008000000      0x130 Startup/startup.o
                0x0000000008000000                vectors
                0x0000000008000130                . = ALIGN (0x4)

.text           0x0000000008000130      0x7f4
                0x0000000008000130                . = ALIGN (0x4)
 *(.text)
 .text          0x0000000008000130       0xb8 lib/rcc.o
                0x0000000008000130                enable_clock
                0x0000000008000164                enable_clock_source
                0x00000000080001cc                enable_clock_uart1
 .text          0x00000000080001e8      0x142 lib/gpio.o
                0x00000000080001e8                GPIO_Config
                0x00000000080002aa                gpio_set_level
                0x00000000080002dc                gpio_get_level
                0x0000000008000304                gpio_toggle_level
 *fill*         0x000000000800032a        0x2 
 .text          0x000000000800032c       0x58 src/main.o
                0x000000000800032c                main
 .text          0x0000000008000384       0x58 lib/systick.o
                0x0000000008000384                SysTick_Init
                0x00000000080003a8                delay_us
 .text          0x00000000080003dc       0x2c src/drivers/log_info.o
                0x00000000080003dc                log_info
 .text          0x0000000008000408      0x1d8 src/drivers/dht.o
                0x0000000008000408                start_signal
                0x00000000080004c0                read_signal
                0x000000000800052c                read_data
 .text          0x00000000080005e0       0x74 lib/uart.o
                0x00000000080005e0                init_uart
                0x000000000800062c                sent_uart
 .text          0x0000000008000654       0x64 Startup/startup.o
                0x0000000008000654                Reset_Handler
                0x00000000080006b0                DMA1_Channel1_handle
                0x00000000080006b0                SPI2_handle
                0x00000000080006b0                TIM1_UP_handle
                0x00000000080006b0                EXTI3_handle
                0x00000000080006b0                TIM7_handle
                0x00000000080006b0                TIM1_BRK_handle
                0x00000000080006b0                ADC3_handle
                0x00000000080006b0                USART3_handle
                0x00000000080006b0                CAN_RX1_handle
                0x00000000080006b0                RTCAlarm_handle
                0x00000000080006b0                EXTI4_handle
                0x00000000080006b0                PVD_handle
                0x00000000080006b0                UART4_handle
                0x00000000080006b0                FLASH_handle
                0x00000000080006b0                DMA2_Channel2_handle
                0x00000000080006b0                I2C1_ER_handle
                0x00000000080006b0                DMA1_Channel5_handle
                0x00000000080006b0                USART2_handle
                0x00000000080006b0                EXTI2_handle
                0x00000000080006b0                EXTI1_handle
                0x00000000080006b0                TIM2_handle
                0x00000000080006b0                DMA1_Channel6_handle
                0x00000000080006b0                HardFault_handle
                0x00000000080006b0                SysTick_handle
                0x00000000080006b0                TIM1_TRG_COM_handle
                0x00000000080006b0                USB_HP_CAN_TX_handle
                0x00000000080006b0                CAN_SCE_handle
                0x00000000080006b0                DMA2_Channel4_5_handle
                0x00000000080006b0                FSMC_handle
                0x00000000080006b0                EXTI15_10_handle
                0x00000000080006b0                EXTI0_handle
                0x00000000080006b0                USBWakeUp_handle
                0x00000000080006b0                TIM6_handle
                0x00000000080006b0                TIM5_handle
                0x00000000080006b0                RTC_handle
                0x00000000080006b0                TIM3_handle
                0x00000000080006b0                EXTI9_5_handle
                0x00000000080006b0                DMA2_Channel1_handle
                0x00000000080006b0                TIM8_CC_handle
                0x00000000080006b0                SPI1_handle
                0x00000000080006b0                DMA1_Channel4_handle
                0x00000000080006b0                I2C1_EV_handle
                0x00000000080006b0                PendSV_handle
                0x00000000080006b0                USART1_handle
                0x00000000080006b0                Default_Handle
                0x00000000080006b0                SDIO_handle
                0x00000000080006b0                NMI_handle
                0x00000000080006b0                UART5_handle
                0x00000000080006b0                TIM1_CC_handle
                0x00000000080006b0                BusFault_handle
                0x00000000080006b0                SVCall_handle
                0x00000000080006b0                DMA1_Channel3_handle
                0x00000000080006b0                WWDG_handle
                0x00000000080006b0                MemManage_handle
                0x00000000080006b0                TIM8_UP_handle
                0x00000000080006b0                DMA1_Channel2_handle
                0x00000000080006b0                RCC_handle
                0x00000000080006b0                TIM8_TRG_COM_handle
                0x00000000080006b0                Debug_Monitor_handle
                0x00000000080006b0                UsageFault_handle
                0x00000000080006b0                DMA1_Channel7_handle
                0x00000000080006b0                I2C2_EV_handle
                0x00000000080006b0                TAMPER_handle
                0x00000000080006b0                TIM8_BRK_handle
                0x00000000080006b0                ADC1_2_handle
                0x00000000080006b0                DMA2_Channel3_handle
                0x00000000080006b0                TIM4_handle
                0x00000000080006b0                SPI3_handle
                0x00000000080006b0                I2C2_ER_handle
                0x00000000080006b0                USB_LP_CAN_RX0_handle
 .text          0x00000000080006b8      0x25c lib/syscall.o
                0x00000000080006b8                initialise_monitor_handles
                0x00000000080006c4                _getpid
                0x00000000080006d2                _kill
                0x00000000080006f2                _exit
                0x0000000008000706                _read
                0x0000000008000740                _write
                0x0000000008000778                _close
                0x000000000800078e                _fstat
                0x00000000080007ac                _isatty
                0x00000000080007c0                _lseek
                0x00000000080007d8                _open
                0x00000000080007f2                _wait
                0x0000000008000810                _unlink
                0x000000000800082e                _times
                0x0000000008000844                _stat
                0x0000000008000862                _link
                0x0000000008000882                _fork
                0x0000000008000898                _execve
                0x00000000080008ba                _sbrk
 .text          0x0000000008000914        0x0 /home/ynghia/gcc-arm-none-eabi-10.3-2021.10-x86_64-linux/gcc-arm-none-eabi-10.3-2021.10/bin/../lib/gcc/arm-none-eabi/10.3.1/../../../../arm-none-eabi/lib/libc.a(lib_a-errno.o)
 .text          0x0000000008000914        0x0 /home/ynghia/gcc-arm-none-eabi-10.3-2021.10-x86_64-linux/gcc-arm-none-eabi-10.3-2021.10/bin/../lib/gcc/arm-none-eabi/10.3.1/../../../../arm-none-eabi/lib/libc.a(lib_a-impure.o)
 *(.text*)
 .text.__errno  0x0000000008000914       0x10 /home/ynghia/gcc-arm-none-eabi-10.3-2021.10-x86_64-linux/gcc-arm-none-eabi-10.3-2021.10/bin/../lib/gcc/arm-none-eabi/10.3.1/../../../../arm-none-eabi/lib/libc.a(lib_a-errno.o)
                0x0000000008000914                __errno
 *(.glue_7)
 .glue_7        0x0000000008000924        0x0 linker stubs
 *(.glue_7t)
 .glue_7t       0x0000000008000924        0x0 linker stubs
 *(.eh_frame)
 *(.init)
 *(.fini)
                0x0000000008000924                . = ALIGN (0x4)
                0x0000000008000924                _etext = .

.vfp11_veneer   0x0000000008000924        0x0
 .vfp11_veneer  0x0000000008000924        0x0 linker stubs

.v4_bx          0x0000000008000924        0x0
 .v4_bx         0x0000000008000924        0x0 linker stubs

.iplt           0x0000000008000924        0x0
 .iplt          0x0000000008000924        0x0 src/main.o

.rodata         0x0000000008000924       0x18
                0x0000000008000924                . = ALIGN (0x4)
 *(.rodata)
 .rodata        0x0000000008000924        0xc src/main.o
 .rodata        0x0000000008000930        0x5 src/drivers/dht.o
 *(.rodata*)
 *fill*         0x0000000008000935        0x3 
 .rodata._global_impure_ptr
                0x0000000008000938        0x4 /home/ynghia/gcc-arm-none-eabi-10.3-2021.10-x86_64-linux/gcc-arm-none-eabi-10.3-2021.10/bin/../lib/gcc/arm-none-eabi/10.3.1/../../../../arm-none-eabi/lib/libc.a(lib_a-impure.o)
                0x0000000008000938                _global_impure_ptr
                0x000000000800093c                . = ALIGN (0x4)

.rel.dyn        0x000000000800093c        0x0
 .rel.iplt      0x000000000800093c        0x0 src/main.o

.ARM.extab      0x000000000800093c        0x0
                0x000000000800093c                . = ALIGN (0x4)
 *(.ARM.extab* .gnu.linkonce.armextab.*)
                0x000000000800093c                . = ALIGN (0x4)

.ARM            0x000000000800093c        0x0
                0x000000000800093c                . = ALIGN (0x4)
                0x000000000800093c                __exidx_start = .
 *(.ARM.exidx*)
                0x000000000800093c                __exidx_end = .
                0x000000000800093c                . = ALIGN (0x4)

.preinit_array  0x000000000800093c        0x0
                0x000000000800093c                . = ALIGN (0x4)
                [!provide]                        PROVIDE (__preinit_array_start = .)
 *(.preinit_array*)
                [!provide]                        PROVIDE (__preinit_array_end = .)
                0x000000000800093c                . = ALIGN (0x4)

.init_array     0x000000000800093c        0x0
                0x000000000800093c                . = ALIGN (0x4)
                [!provide]                        PROVIDE (__init_array_start = .)
 *(SORT_BY_NAME(.init_array.*))
 *(.init_array*)
                [!provide]                        PROVIDE (__init_array_end = .)
                0x000000000800093c                . = ALIGN (0x4)

.fini_array     0x000000000800093c        0x0
                0x000000000800093c                . = ALIGN (0x4)
                [!provide]                        PROVIDE (__fini_array_start = .)
 *(SORT_BY_NAME(.fini_array.*))
 *(.fini_array*)
                [!provide]                        PROVIDE (__fini_array_end = .)
                0x000000000800093c                . = ALIGN (0x4)
                0x000000000800093c                _sidata = LOADADDR (.data)

.data           0x0000000020000000      0x430 load address 0x000000000800093c
                0x0000000020000000                . = ALIGN (0x4)
                0x0000000020000000                _sdata = .
 *(.data)
 .data          0x0000000020000000        0x0 lib/rcc.o
 .data          0x0000000020000000        0x0 lib/gpio.o
 .data          0x0000000020000000        0x0 src/main.o
 .data          0x0000000020000000        0x0 lib/systick.o
 .data          0x0000000020000000        0x0 src/drivers/log_info.o
 .data          0x0000000020000000        0x0 src/drivers/dht.o
 .data          0x0000000020000000        0x0 lib/uart.o
 .data          0x0000000020000000        0x0 Startup/startup.o
 .data          0x0000000020000000        0x4 lib/syscall.o
                0x0000000020000000                environ
 .data          0x0000000020000004        0x0 /home/ynghia/gcc-arm-none-eabi-10.3-2021.10-x86_64-linux/gcc-arm-none-eabi-10.3-2021.10/bin/../lib/gcc/arm-none-eabi/10.3.1/../../../../arm-none-eabi/lib/libc.a(lib_a-errno.o)
 .data          0x0000000020000004        0x0 /home/ynghia/gcc-arm-none-eabi-10.3-2021.10-x86_64-linux/gcc-arm-none-eabi-10.3-2021.10/bin/../lib/gcc/arm-none-eabi/10.3.1/../../../../arm-none-eabi/lib/libc.a(lib_a-impure.o)
 *(.data*)
 .data._impure_ptr
                0x0000000020000004        0x4 /home/ynghia/gcc-arm-none-eabi-10.3-2021.10-x86_64-linux/gcc-arm-none-eabi-10.3-2021.10/bin/../lib/gcc/arm-none-eabi/10.3.1/../../../../arm-none-eabi/lib/libc.a(lib_a-impure.o)
                0x0000000020000004                _impure_ptr
 .data.impure_data
                0x0000000020000008      0x428 /home/ynghia/gcc-arm-none-eabi-10.3-2021.10-x86_64-linux/gcc-arm-none-eabi-10.3-2021.10/bin/../lib/gcc/arm-none-eabi/10.3.1/../../../../arm-none-eabi/lib/libc.a(lib_a-impure.o)
 *(.RamFunc)
 *(.RamFunc*)
                0x0000000020000430                . = ALIGN (0x4)
                0x0000000020000430                _edata = .

.igot.plt       0x0000000020000430        0x0 load address 0x0000000008000d6c
 .igot.plt      0x0000000020000430        0x0 src/main.o
                0x0000000020000430                . = ALIGN (0x4)

.bss            0x0000000020000430        0x8 load address 0x0000000008000d6c
                0x0000000020000430                _sbss = .
                0x0000000020000430                __bss_start__ = _sbss
 *(.bss)
 .bss           0x0000000020000430        0x0 lib/rcc.o
 .bss           0x0000000020000430        0x0 lib/gpio.o
 .bss           0x0000000020000430        0x0 src/main.o
 .bss           0x0000000020000430        0x0 lib/systick.o
 .bss           0x0000000020000430        0x0 src/drivers/log_info.o
 .bss           0x0000000020000430        0x0 src/drivers/dht.o
 .bss           0x0000000020000430        0x0 lib/uart.o
 .bss           0x0000000020000430        0x0 Startup/startup.o
 .bss           0x0000000020000430        0x8 lib/syscall.o
                0x0000000020000430                __env
 .bss           0x0000000020000438        0x0 /home/ynghia/gcc-arm-none-eabi-10.3-2021.10-x86_64-linux/gcc-arm-none-eabi-10.3-2021.10/bin/../lib/gcc/arm-none-eabi/10.3.1/../../../../arm-none-eabi/lib/libc.a(lib_a-errno.o)
 .bss           0x0000000020000438        0x0 /home/ynghia/gcc-arm-none-eabi-10.3-2021.10-x86_64-linux/gcc-arm-none-eabi-10.3-2021.10/bin/../lib/gcc/arm-none-eabi/10.3.1/../../../../arm-none-eabi/lib/libc.a(lib_a-impure.o)
 *(.bss*)
 *(COMMON)
                0x0000000020000438                . = ALIGN (0x4)
                0x0000000020000438                _ebss = .
                0x0000000020000438                __bss_end__ = _ebss

._user_heap_stack
                0x0000000020000438      0x600 load address 0x0000000008000d6c
                0x0000000020000438                . = ALIGN (0x8)
                0x0000000020000438                PROVIDE (end = .)
                [!provide]                        PROVIDE (_end = .)
                0x0000000020000638                . = (. + _Min_Heap_Size)
 *fill*         0x0000000020000438      0x200 
                0x0000000020000a38                . = (. + _Min_Stack_Size)
 *fill*         0x0000000020000638      0x400 
                0x0000000020000a38                . = ALIGN (0x8)

/DISCARD/
 libc.a(*)
 libm.a(*)
 libgcc.a(*)

.ARM.attributes
                0x0000000000000000       0x2f
 *(.ARM.attributes)
 .ARM.attributes
                0x0000000000000000       0x2d lib/rcc.o
 .ARM.attributes
                0x000000000000002d       0x2d lib/gpio.o
 .ARM.attributes
                0x000000000000005a       0x2d src/main.o
 .ARM.attributes
                0x0000000000000087       0x2d lib/systick.o
 .ARM.attributes
                0x00000000000000b4       0x2d src/drivers/log_info.o
 .ARM.attributes
                0x00000000000000e1       0x2d src/drivers/dht.o
 .ARM.attributes
                0x000000000000010e       0x2d lib/uart.o
 .ARM.attributes
                0x000000000000013b       0x2d Startup/startup.o
 .ARM.attributes
                0x0000000000000168       0x2d lib/syscall.o
OUTPUT(firmware.elf elf32-littlearm)
LOAD linker stubs
LOAD /home/ynghia/gcc-arm-none-eabi-10.3-2021.10-x86_64-linux/gcc-arm-none-eabi-10.3-2021.10/bin/../lib/gcc/arm-none-eabi/10.3.1/../../../../arm-none-eabi/lib/libc.a
LOAD /home/ynghia/gcc-arm-none-eabi-10.3-2021.10-x86_64-linux/gcc-arm-none-eabi-10.3-2021.10/bin/../lib/gcc/arm-none-eabi/10.3.1/../../../../arm-none-eabi/lib/libm.a
LOAD /home/ynghia/gcc-arm-none-eabi-10.3-2021.10-x86_64-linux/gcc-arm-none-eabi-10.3-2021.10/bin/../lib/gcc/arm-none-eabi/10.3.1/libgcc.a

.comment        0x0000000000000000       0x49
 .comment       0x0000000000000000       0x49 lib/rcc.o
                                         0x4a (size before relaxing)
 .comment       0x0000000000000049       0x4a lib/gpio.o
 .comment       0x0000000000000049       0x4a src/main.o
 .comment       0x0000000000000049       0x4a lib/systick.o
 .comment       0x0000000000000049       0x4a src/drivers/log_info.o
 .comment       0x0000000000000049       0x4a src/drivers/dht.o
 .comment       0x0000000000000049       0x4a lib/uart.o
 .comment       0x0000000000000049       0x4a Startup/startup.o
 .comment       0x0000000000000049       0x4a lib/syscall.o
